$ bun --bun next build
Ôû▓ Next.js 16.1.1 (Turbopack, Cache Components)
- Environments: .env

  Creating an optimized production build ...

> Build error occurred
Error: Turbopack build failed with 18 errors:
./src/app/(home)/layout.tsx:5:14
Ecmascript file had an error
  3 | import { Navigation } from "@/shared/components/navigation";
  4 |
> 5 | export const dynamic = "force-dynamic";
    |              ^^^^^^^
  6 | /* revalidar cada 30 minutos en segundos*/
  7 | export const revalidate = 1800;
  8 |

Route segment config "dynamic" is not compatible with `nextConfig.cacheComponents`. Please remove it.


./src/app/(home)/layout.tsx:7:14
Ecmascript file had an error
   5 | export const dynamic = "force-dynamic";
   6 | /* revalidar cada 30 minutos en segundos*/
>  7 | export const revalidate = 1800;
     |              ^^^^^^^^^^
   8 |
   9 | export default function HomeLayout({
  10 |   children,

Route segment config "revalidate" is not compatible with `nextConfig.cacheComponents`. Please remove it.


./src/app/(marketing)/para-comercios/page.tsx:10:14
Ecmascript file had an error
   8 | import { PlanPricingPreview } from "./_components/plan-pricing.preview";
   9 |
> 10 | export const dynamic = "force-dynamic";
     |              ^^^^^^^
  11 |
  12 | export const metadata: Metadata = {
  13 |   title: "Para Comercios - Lules Market | Tu Vitrina Digital",

Route segment config "dynamic" is not compatible with `nextConfig.cacheComponents`. Please remove it.


./src/app/(marketing)/planes/page.tsx:40:14
Ecmascript file had an error
  38 | };
  39 |
> 40 | export const dynamic = "force-dynamic";
     |              ^^^^^^^
  41 |
  42 | export default async function PlanesPage() {
  43 |   const plans = await getPlans();

Route segment config "dynamic" is not compatible with `nextConfig.cacheComponents`. Please remove it.


./src/app/admin/page.tsx:25:14
Ecmascript file had an error
  23 | } from "@/shared/components/ui/card";
  24 |
> 25 | export const dynamic = "force-dynamic";
     |              ^^^^^^^
  26 | /* revalidar cada 30 minutos */
  27 | export const revalidate = 1800;
  28 |

Route segment config "dynamic" is not compatible with `nextConfig.cacheComponents`. Please remove it.


./src/app/admin/page.tsx:27:14
Ecmascript file had an error
  25 | export const dynamic = "force-dynamic";
  26 | /* revalidar cada 30 minutos */
> 27 | export const revalidate = 1800;
     |              ^^^^^^^^^^
  28 |
  29 | type SearchParams = {
  30 |   page?: string;

Route segment config "revalidate" is not compatible with `nextConfig.cacheComponents`. Please remove it.


./src/app/admin/users/[userId]/page.tsx:3:14
Ecmascript file had an error
  1 | import { cookies } from "next/headers";
  2 |
> 3 | export const dynamic = "force-dynamic";
    |              ^^^^^^^
  4 | /* revalidar cada 30 minutos */
  5 | export const revalidate = 1800;
  6 |

Route segment config "dynamic" is not compatible with `nextConfig.cacheComponents`. Please remove it.


./src/app/admin/users/[userId]/page.tsx:5:14
Ecmascript file had an error
  3 | export const dynamic = "force-dynamic";
  4 | /* revalidar cada 30 minutos */
> 5 | export const revalidate = 1800;
    |              ^^^^^^^^^^
  6 |
  7 | export default async function UserPage({
  8 |   params,

Route segment config "revalidate" is not compatible with `nextConfig.cacheComponents`. Please remove it.


./src/app/admin/users/page.tsx:7:14
Ecmascript file had an error
   5 | import { UsersList } from "../_components/users-list";
   6 |
>  7 | export const dynamic = "force-dynamic";
     |              ^^^^^^^
   8 | /* revalidar cada 30 minutos */
   9 | export const revalidate = 1800;
  10 |

Route segment config "dynamic" is not compatible with `nextConfig.cacheComponents`. Please remove it.


./src/app/admin/users/page.tsx:9:14
Ecmascript file had an error
   7 | export const dynamic = "force-dynamic";
   8 | /* revalidar cada 30 minutos */
>  9 | export const revalidate = 1800;
     |              ^^^^^^^^^^
  10 |
  11 | const searchSchema = z.object({
  12 |   page: z.coerce.number().min(1).default(1),

Route segment config "revalidate" is not compatible with `nextConfig.cacheComponents`. Please remove it.


./src/app/business/setup/page.tsx:20:14
Ecmascript file had an error
  18 | import { SetupForm } from "./_components/setup-form";
  19 |
> 20 | export const dynamic = "force-dynamic"; // A├▒ade esta l├¡nea
     |              ^^^^^^^
  21 | export const revalidate = 60;
  22 |
  23 | export default async function BusinessSetup() {

Route segment config "dynamic" is not compatible with `nextConfig.cacheComponents`. Please remove it.


./src/app/business/setup/page.tsx:21:14
Ecmascript file had an error
  19 |
  20 | export const dynamic = "force-dynamic"; // A├▒ade esta l├¡nea
> 21 | export const revalidate = 60;
     |              ^^^^^^^^^^
  22 |
  23 | export default async function BusinessSetup() {
  24 |   const { data: categories } = await api.category.public["list-all"].get();

Route segment config "revalidate" is not compatible with `nextConfig.cacheComponents`. Please remove it.


./src/app/dashboard/layout.tsx:15:14
Ecmascript file had an error
  13 | } from "@/shared/components/ui/sidebar";
  14 |
> 15 | export const dynamic = "force-dynamic";
     |              ^^^^^^^
  16 | /* revalidar cada 30 minutos */
  17 | export const revalidate = 1800;
  18 |

Route segment config "dynamic" is not compatible with `nextConfig.cacheComponents`. Please remove it.


./src/app/dashboard/layout.tsx:17:14
Ecmascript file had an error
  15 | export const dynamic = "force-dynamic";
  16 | /* revalidar cada 30 minutos */
> 17 | export const revalidate = 1800;
     |              ^^^^^^^^^^
  18 |
  19 | export default async function DashboardLayout({
  20 |   children,

Route segment config "revalidate" is not compatible with `nextConfig.cacheComponents`. Please remove it.


./src/app/dashboard/subscription/(status)/failure/page.tsx:16:14
Ecmascript file had an error
  14 | import type { MercadoPagoCallbackParams } from "@/shared/types";
  15 |
> 16 | export const dynamic = "force-dynamic";
     |              ^^^^^^^
  17 | export const revalidate = 0;
  18 |
  19 | export default async function PaymentFailurePage({

Route segment config "dynamic" is not compatible with `nextConfig.cacheComponents`. Please remove it.


./src/app/dashboard/subscription/(status)/failure/page.tsx:17:14
Ecmascript file had an error
  15 |
  16 | export const dynamic = "force-dynamic";
> 17 | export const revalidate = 0;
     |              ^^^^^^^^^^
  18 |
  19 | export default async function PaymentFailurePage({
  20 |   searchParams,

Route segment config "revalidate" is not compatible with `nextConfig.cacheComponents`. Please remove it.


./src/app/dashboard/subscription/(status)/pending/page.tsx:16:14
Ecmascript file had an error
  14 | import type { MercadoPagoCallbackParams } from "@/shared/types";
  15 |
> 16 | export const dynamic = "force-dynamic";
     |              ^^^^^^^
  17 | export const revalidate = 0;
  18 |
  19 | export default async function PaymentPendingPage({

Route segment config "dynamic" is not compatible with `nextConfig.cacheComponents`. Please remove it.


./src/app/dashboard/subscription/(status)/pending/page.tsx:17:14
Ecmascript file had an error
  15 |
  16 | export const dynamic = "force-dynamic";
> 17 | export const revalidate = 0;
     |              ^^^^^^^^^^
  18 |
  19 | export default async function PaymentPendingPage({
  20 |   searchParams,

Route segment config "revalidate" is not compatible with `nextConfig.cacheComponents`. Please remove it.


    at <unknown> (./src/app/(home)/layout.tsx:5:14)
    at <unknown> (./src/app/(home)/layout.tsx:7:14)
    at <unknown> (./src/app/(marketing)/para-comercios/page.tsx:10:14)
    at <unknown> (./src/app/(marketing)/planes/page.tsx:40:14)
    at <unknown> (./src/app/admin/page.tsx:25:14)
    at <unknown> (./src/app/admin/page.tsx:27:14)
    at <unknown> (./src/app/admin/users/[userId]/page.tsx:3:14)
    at <unknown> (./src/app/admin/users/[userId]/page.tsx:5:14)
    at <unknown> (./src/app/admin/users/page.tsx:7:14)
    at <unknown> (./src/app/admin/users/page.tsx:9:14)
    at <unknown> (./src/app/business/setup/page.tsx:20:14)
    at <unknown> (./src/app/business/setup/page.tsx:21:14)
    at <unknown> (./src/app/dashboard/layout.tsx:15:14)
    at <unknown> (./src/app/dashboard/layout.tsx:17:14)
    at <unknown> (./src/app/dashboard/subscription/(status)/failure/page.tsx:16:14)
    at <unknown> (./src/app/dashboard/subscription/(status)/failure/page.tsx:17:14)
    at <unknown> (./src/app/dashboard/subscription/(status)/pending/page.tsx:16:14)
    at <unknown> (./src/app/dashboard/subscription/(status)/pending/page.tsx:17:14)
    at processTicksAndRejections (null)
error: script "build" exited with code 1
